// Jest Snapshot v1, https://goo.gl/fbAQLP

exports[`test draft workunit list 1`] = `
"<div class=\\"work-unit-list\\">
  <div style=\\"display: flex; justify-content: space-between;\\">
    <div class=\\"ant-space ant-space-horizontal ant-space-align-center\\">
      <div class=\\"ant-space-item\\" style=\\"margin-right: 8px;\\"><button type=\\"button\\" class=\\"ant-btn\\"><span>整合查看</span></button></div>
      <div class=\\"ant-space-item\\"><button type=\\"button\\" class=\\"ant-btn ant-btn-primary ant-btn-background-ghost\\"><a href=\\"/model-viewer?versionIdList=398865,398807,398820&amp;format=workunit&amp;title=“undefined”模型查看\\">整合查看所有</a></button></div>
    </div>
  </div>
  <div style=\\"flex-basis: auto; margin-top: 16px;\\">
    <div class=\\"scroll-wrap\\" style=\\"position: relative; overflow: hidden; width: 100%; height: 100%; margin-right: 0px; margin-bottom: 0px;\\">
      <div style=\\"position: absolute; top: 0px; left: 0px; right: 0px; bottom: 0px; overflow: scroll; margin-right: 0px; margin-bottom: 0px;\\">
        <div class=\\"ant-table-wrapper\\">
          <div class=\\"ant-spin-nested-loading\\">
            <div class=\\"ant-spin-container\\">
              <div class=\\"ant-table\\">
                <div class=\\"ant-table-container\\">
                  <div class=\\"ant-table-content\\">
                    <table style=\\"table-layout: auto;\\">
                      <colgroup>
                        <col>
                        <col style=\\"width: 80px; min-width: 80px;\\">
                        <col style=\\"width: 105px; min-width: 105px;\\">
                        <col>
                        <col style=\\"width: 175px; min-width: 175px;\\">
                      </colgroup>
                      <thead class=\\"ant-table-thead\\">
                        <tr>
                          <th class=\\"ant-table-cell\\">名字</th>
                          <th class=\\"ant-table-cell\\"><span class=\\"has-info-icon\\">类型<span role=\\"img\\" aria-label=\\"info-circle\\" class=\\"anticon anticon-info-circle\\"><svg viewBox=\\"64 64 896 896\\" focusable=\\"false\\" data-icon=\\"info-circle\\" width=\\"1em\\" height=\\"1em\\" fill=\\"currentColor\\" aria-hidden=\\"true\\"><path d=\\"M512 64C264.6 64 64 264.6 64 512s200.6 448 448 448 448-200.6 448-448S759.4 64 512 64zm0 820c-205.4 0-372-166.6-372-372s166.6-372 372-372 372 166.6 372 372-166.6 372-372 372z\\"></path><path d=\\"M464 336a48 48 0 1096 0 48 48 0 10-96 0zm72 112h-48c-4.4 0-8 3.6-8 8v272c0 4.4 3.6 8 8 8h48c4.4 0 8-3.6 8-8V456c0-4.4-3.6-8-8-8z\\"></path></svg></span></span></th>
                          <th class=\\"ant-table-cell versions\\">版本</th>
                          <th class=\\"ant-table-cell\\">
                            <div class=\\"ant-table-filter-column\\"><span class=\\"ant-table-filter-column-title\\">团队</span><span class=\\"ant-table-filter-trigger-container\\"><span role=\\"button\\" tabindex=\\"-1\\" class=\\"ant-dropdown-trigger ant-table-filter-trigger\\"><span role=\\"img\\" aria-label=\\"filter\\" class=\\"anticon anticon-filter\\"><svg viewBox=\\"64 64 896 896\\" focusable=\\"false\\" data-icon=\\"filter\\" width=\\"1em\\" height=\\"1em\\" fill=\\"currentColor\\" aria-hidden=\\"true\\"><path d=\\"M349 838c0 17.7 14.2 32 31.8 32h262.4c17.6 0 31.8-14.3 31.8-32V642H349v196zm531.1-684H143.9c-24.5 0-39.8 26.7-27.5 48l221.3 376h348.8l221.3-376c12.1-21.3-3.2-48-27.7-48z\\"></path></svg></span></span></span></div>
                          </th>
                          <th class=\\"ant-table-cell\\">日期</th>
                          <th class=\\"ant-table-cell\\">操作</th>
                        </tr>
                      </thead>
                      <tbody class=\\"ant-table-tbody\\">
                        <tr data-row-key=\\"ead9c128-88d5-4c39-8758-41f4bdf25304\\" class=\\"ant-table-row ant-table-row-level-0\\">
                          <td class=\\"ant-table-cell\\">结构B1</td>
                          <td class=\\"ant-table-cell\\">workunit</td>
                          <td class=\\"ant-table-cell versions\\">
                            <div class=\\"ant-select ant-select-sm ant-select-borderless ant-select-single ant-select-show-arrow\\">
                              <div class=\\"ant-select-selector\\"><span class=\\"ant-select-selection-search\\"><input autocomplete=\\"off\\" type=\\"search\\" class=\\"ant-select-selection-search-input\\" style=\\"opacity: 0;\\" role=\\"combobox\\" aria-haspopup=\\"listbox\\" aria-owns=\\"rc_select_TEST_OR_SSR_list\\" aria-autocomplete=\\"list\\" aria-controls=\\"rc_select_TEST_OR_SSR_list\\" aria-activedescendant=\\"rc_select_TEST_OR_SSR_list_0\\" readonly=\\"\\" unselectable=\\"on\\" value=\\"\\" id=\\"rc_select_TEST_OR_SSR\\"></span><span class=\\"ant-select-selection-item\\">V1</span></div><span class=\\"ant-select-arrow\\" style=\\"user-select: none;\\" unselectable=\\"on\\" aria-hidden=\\"true\\"><span role=\\"img\\" aria-label=\\"down\\" class=\\"anticon anticon-down ant-select-suffix\\"><svg viewBox=\\"64 64 896 896\\" focusable=\\"false\\" data-icon=\\"down\\" width=\\"1em\\" height=\\"1em\\" fill=\\"currentColor\\" aria-hidden=\\"true\\"><path d=\\"M884 256h-75c-5.1 0-9.9 2.5-12.9 6.6L512 654.2 227.9 262.6c-3-4.1-7.8-6.6-12.9-6.6h-75c-6.5 0-10.3 7.4-6.5 12.7l352.6 486.1c12.8 17.6 39 17.6 51.7 0l352.6-486.1c3.9-5.3.1-12.7-6.4-12.7z\\"></path></svg></span></span>
                            </div>
                          </td>
                          <td class=\\"ant-table-cell\\"><span>结构团队</span></td>
                          <td class=\\"ant-table-cell\\"><span>2020/12/17 10:41</span></td>
                          <td class=\\"ant-table-cell\\"><a href=\\"/model-viewer?versionIdList=398865&amp;format=workunit&amp;title=“undefined”模型查看\\">查看</a>
                            <div class=\\"ant-divider ant-divider-vertical\\" role=\\"separator\\"></div><span>恢复</span>
                          </td>
                        </tr>
                        <tr data-row-key=\\"88a5d06f-5a17-424b-939b-b78193e1f96f\\" class=\\"ant-table-row ant-table-row-level-0\\">
                          <td class=\\"ant-table-cell\\">建筑1F-3F</td>
                          <td class=\\"ant-table-cell\\">workunit</td>
                          <td class=\\"ant-table-cell versions\\">
                            <div class=\\"ant-select ant-select-sm ant-select-borderless ant-select-single ant-select-show-arrow\\">
                              <div class=\\"ant-select-selector\\"><span class=\\"ant-select-selection-search\\"><input autocomplete=\\"off\\" type=\\"search\\" class=\\"ant-select-selection-search-input\\" style=\\"opacity: 0;\\" role=\\"combobox\\" aria-haspopup=\\"listbox\\" aria-owns=\\"rc_select_TEST_OR_SSR_list\\" aria-autocomplete=\\"list\\" aria-controls=\\"rc_select_TEST_OR_SSR_list\\" aria-activedescendant=\\"rc_select_TEST_OR_SSR_list_0\\" readonly=\\"\\" unselectable=\\"on\\" value=\\"\\" id=\\"rc_select_TEST_OR_SSR\\"></span><span class=\\"ant-select-selection-item\\">V1</span></div><span class=\\"ant-select-arrow\\" style=\\"user-select: none;\\" unselectable=\\"on\\" aria-hidden=\\"true\\"><span role=\\"img\\" aria-label=\\"down\\" class=\\"anticon anticon-down ant-select-suffix\\"><svg viewBox=\\"64 64 896 896\\" focusable=\\"false\\" data-icon=\\"down\\" width=\\"1em\\" height=\\"1em\\" fill=\\"currentColor\\" aria-hidden=\\"true\\"><path d=\\"M884 256h-75c-5.1 0-9.9 2.5-12.9 6.6L512 654.2 227.9 262.6c-3-4.1-7.8-6.6-12.9-6.6h-75c-6.5 0-10.3 7.4-6.5 12.7l352.6 486.1c12.8 17.6 39 17.6 51.7 0l352.6-486.1c3.9-5.3.1-12.7-6.4-12.7z\\"></path></svg></span></span>
                            </div>
                          </td>
                          <td class=\\"ant-table-cell\\"><span>建筑团队</span></td>
                          <td class=\\"ant-table-cell\\"><span>2020/12/17 10:24</span></td>
                          <td class=\\"ant-table-cell\\"><a href=\\"/model-viewer?versionIdList=398807&amp;format=workunit&amp;title=“undefined”模型查看\\">查看</a>
                            <div class=\\"ant-divider ant-divider-vertical\\" role=\\"separator\\"></div><span>恢复</span>
                          </td>
                        </tr>
                        <tr data-row-key=\\"56762d54-cea4-4adb-ae18-16aa2d22c270\\" class=\\"ant-table-row ant-table-row-level-0\\">
                          <td class=\\"ant-table-cell\\">建筑B1</td>
                          <td class=\\"ant-table-cell\\">workunit</td>
                          <td class=\\"ant-table-cell versions\\">
                            <div class=\\"ant-select ant-select-sm ant-select-borderless ant-select-single ant-select-show-arrow\\">
                              <div class=\\"ant-select-selector\\"><span class=\\"ant-select-selection-search\\"><input autocomplete=\\"off\\" type=\\"search\\" class=\\"ant-select-selection-search-input\\" style=\\"opacity: 0;\\" role=\\"combobox\\" aria-haspopup=\\"listbox\\" aria-owns=\\"rc_select_TEST_OR_SSR_list\\" aria-autocomplete=\\"list\\" aria-controls=\\"rc_select_TEST_OR_SSR_list\\" aria-activedescendant=\\"rc_select_TEST_OR_SSR_list_0\\" readonly=\\"\\" unselectable=\\"on\\" value=\\"\\" id=\\"rc_select_TEST_OR_SSR\\"></span><span class=\\"ant-select-selection-item\\">V2</span></div><span class=\\"ant-select-arrow\\" style=\\"user-select: none;\\" unselectable=\\"on\\" aria-hidden=\\"true\\"><span role=\\"img\\" aria-label=\\"down\\" class=\\"anticon anticon-down ant-select-suffix\\"><svg viewBox=\\"64 64 896 896\\" focusable=\\"false\\" data-icon=\\"down\\" width=\\"1em\\" height=\\"1em\\" fill=\\"currentColor\\" aria-hidden=\\"true\\"><path d=\\"M884 256h-75c-5.1 0-9.9 2.5-12.9 6.6L512 654.2 227.9 262.6c-3-4.1-7.8-6.6-12.9-6.6h-75c-6.5 0-10.3 7.4-6.5 12.7l352.6 486.1c12.8 17.6 39 17.6 51.7 0l352.6-486.1c3.9-5.3.1-12.7-6.4-12.7z\\"></path></svg></span></span>
                            </div>
                          </td>
                          <td class=\\"ant-table-cell\\"><span>建筑团队</span></td>
                          <td class=\\"ant-table-cell\\"><span>2020/12/17 10:28</span></td>
                          <td class=\\"ant-table-cell\\"><a href=\\"/model-viewer?versionIdList=398820&amp;format=workunit&amp;title=“undefined”模型查看\\">查看</a>
                            <div class=\\"ant-divider ant-divider-vertical\\" role=\\"separator\\"></div><span>恢复</span>
                          </td>
                        </tr>
                      </tbody>
                    </table>
                  </div>
                </div>
              </div>
            </div>
          </div>
        </div>
      </div>
      <div style=\\"position: absolute; height: 6px; transition: opacity 2000ms; opacity: 0; display: none; right: 2px; bottom: 2px; left: 2px; border-radius: 3px;\\">
        <div style=\\"position: relative; display: block; height: 100%; cursor: pointer; border-radius: inherit; background-color: rgba(0, 0, 0, 0.2);\\"></div>
      </div>
      <div style=\\"position: absolute; width: 6px; transition: opacity 2000ms; opacity: 0; display: none; right: 2px; bottom: 2px; top: 2px; border-radius: 3px;\\">
        <div style=\\"position: relative; display: block; width: 100%; cursor: pointer; border-radius: inherit; background-color: rgba(0, 0, 0, 0.2);\\"></div>
      </div>
    </div>
  </div>
</div>"
`;

exports[`test integrate workunit list 1`] = `
"<div class=\\"work-unit-list\\">
  <div style=\\"flex-basis: auto; margin-top: 16px;\\">
    <div class=\\"scroll-wrap\\" style=\\"position: relative; overflow: hidden; width: 100%; height: 100%; margin-right: 0px; margin-bottom: 0px;\\">
      <div style=\\"position: absolute; top: 0px; left: 0px; right: 0px; bottom: 0px; overflow: scroll; margin-right: 0px; margin-bottom: 0px;\\">
        <div class=\\"ant-table-wrapper\\">
          <div class=\\"ant-spin-nested-loading\\">
            <div class=\\"ant-spin-container\\">
              <div class=\\"ant-table\\">
                <div class=\\"ant-table-container\\">
                  <div class=\\"ant-table-content\\">
                    <table style=\\"table-layout: auto;\\">
                      <colgroup>
                        <col class=\\"ant-table-selection-col\\">
                        <col>
                        <col style=\\"width: 80px; min-width: 80px;\\">
                        <col style=\\"width: 105px; min-width: 105px;\\">
                        <col>
                        <col style=\\"width: 175px; min-width: 175px;\\">
                      </colgroup>
                      <thead class=\\"ant-table-thead\\">
                        <tr>
                          <th class=\\"ant-table-cell ant-table-selection-column\\">
                            <div class=\\"ant-table-selection\\"><label class=\\"ant-checkbox-wrapper\\"><span class=\\"ant-checkbox ant-checkbox-indeterminate\\"><input type=\\"checkbox\\" class=\\"ant-checkbox-input\\" value=\\"\\"><span class=\\"ant-checkbox-inner\\"></span></span></label></div>
                          </th>
                          <th class=\\"ant-table-cell\\">名字</th>
                          <th class=\\"ant-table-cell\\"><span class=\\"has-info-icon\\">类型<span role=\\"img\\" aria-label=\\"info-circle\\" class=\\"anticon anticon-info-circle\\"><svg viewBox=\\"64 64 896 896\\" focusable=\\"false\\" data-icon=\\"info-circle\\" width=\\"1em\\" height=\\"1em\\" fill=\\"currentColor\\" aria-hidden=\\"true\\"><path d=\\"M512 64C264.6 64 64 264.6 64 512s200.6 448 448 448 448-200.6 448-448S759.4 64 512 64zm0 820c-205.4 0-372-166.6-372-372s166.6-372 372-372 372 166.6 372 372-166.6 372-372 372z\\"></path><path d=\\"M464 336a48 48 0 1096 0 48 48 0 10-96 0zm72 112h-48c-4.4 0-8 3.6-8 8v272c0 4.4 3.6 8 8 8h48c4.4 0 8-3.6 8-8V456c0-4.4-3.6-8-8-8z\\"></path></svg></span></span></th>
                          <th class=\\"ant-table-cell versions\\">版本</th>
                          <th class=\\"ant-table-cell\\">
                            <div class=\\"ant-table-filter-column\\"><span class=\\"ant-table-filter-column-title\\">团队</span><span class=\\"ant-table-filter-trigger-container\\"><span role=\\"button\\" tabindex=\\"-1\\" class=\\"ant-dropdown-trigger ant-table-filter-trigger\\"><span role=\\"img\\" aria-label=\\"filter\\" class=\\"anticon anticon-filter\\"><svg viewBox=\\"64 64 896 896\\" focusable=\\"false\\" data-icon=\\"filter\\" width=\\"1em\\" height=\\"1em\\" fill=\\"currentColor\\" aria-hidden=\\"true\\"><path d=\\"M349 838c0 17.7 14.2 32 31.8 32h262.4c17.6 0 31.8-14.3 31.8-32V642H349v196zm531.1-684H143.9c-24.5 0-39.8 26.7-27.5 48l221.3 376h348.8l221.3-376c12.1-21.3-3.2-48-27.7-48z\\"></path></svg></span></span></span></div>
                          </th>
                          <th class=\\"ant-table-cell\\">日期</th>
                          <th class=\\"ant-table-cell\\">操作</th>
                        </tr>
                      </thead>
                      <tbody class=\\"ant-table-tbody\\">
                        <tr data-row-key=\\"ead9c128-88d5-4c39-8758-41f4bdf25304\\" class=\\"ant-table-row ant-table-row-level-0 ant-table-row-selected\\">
                          <td class=\\"ant-table-cell ant-table-selection-column\\"><label class=\\"ant-checkbox-wrapper ant-checkbox-wrapper-checked\\"><span class=\\"ant-checkbox ant-checkbox-checked\\"><input type=\\"checkbox\\" class=\\"ant-checkbox-input\\" value=\\"\\"><span class=\\"ant-checkbox-inner\\"></span></span></label></td>
                          <td class=\\"ant-table-cell\\">结构B1</td>
                          <td class=\\"ant-table-cell\\">workunit</td>
                          <td class=\\"ant-table-cell versions\\">
                            <div class=\\"ant-select ant-select-sm ant-select-borderless ant-select-single ant-select-show-arrow\\">
                              <div class=\\"ant-select-selector\\"><span class=\\"ant-select-selection-search\\"><input autocomplete=\\"off\\" type=\\"search\\" class=\\"ant-select-selection-search-input\\" style=\\"opacity: 0;\\" role=\\"combobox\\" aria-haspopup=\\"listbox\\" aria-owns=\\"rc_select_TEST_OR_SSR_list\\" aria-autocomplete=\\"list\\" aria-controls=\\"rc_select_TEST_OR_SSR_list\\" aria-activedescendant=\\"rc_select_TEST_OR_SSR_list_0\\" readonly=\\"\\" unselectable=\\"on\\" value=\\"\\" id=\\"rc_select_TEST_OR_SSR\\"></span><span class=\\"ant-select-selection-item\\">V1</span></div><span class=\\"ant-select-arrow\\" style=\\"user-select: none;\\" unselectable=\\"on\\" aria-hidden=\\"true\\"><span role=\\"img\\" aria-label=\\"down\\" class=\\"anticon anticon-down ant-select-suffix\\"><svg viewBox=\\"64 64 896 896\\" focusable=\\"false\\" data-icon=\\"down\\" width=\\"1em\\" height=\\"1em\\" fill=\\"currentColor\\" aria-hidden=\\"true\\"><path d=\\"M884 256h-75c-5.1 0-9.9 2.5-12.9 6.6L512 654.2 227.9 262.6c-3-4.1-7.8-6.6-12.9-6.6h-75c-6.5 0-10.3 7.4-6.5 12.7l352.6 486.1c12.8 17.6 39 17.6 51.7 0l352.6-486.1c3.9-5.3.1-12.7-6.4-12.7z\\"></path></svg></span></span>
                            </div>
                          </td>
                          <td class=\\"ant-table-cell\\"><span>结构团队</span></td>
                          <td class=\\"ant-table-cell\\"><span>2020/12/17 10:41</span></td>
                          <td class=\\"ant-table-cell\\"><a href=\\"/model-viewer?versionIdList=398865&amp;format=workunit&amp;title=“undefined”模型查看\\">查看</a></td>
                        </tr>
                        <tr data-row-key=\\"88a5d06f-5a17-424b-939b-b78193e1f96f\\" class=\\"ant-table-row ant-table-row-level-0 ant-table-row-selected\\">
                          <td class=\\"ant-table-cell ant-table-selection-column\\"><label class=\\"ant-checkbox-wrapper ant-checkbox-wrapper-checked\\"><span class=\\"ant-checkbox ant-checkbox-checked\\"><input type=\\"checkbox\\" class=\\"ant-checkbox-input\\" value=\\"\\"><span class=\\"ant-checkbox-inner\\"></span></span></label></td>
                          <td class=\\"ant-table-cell\\">建筑1F-3F</td>
                          <td class=\\"ant-table-cell\\">workunit</td>
                          <td class=\\"ant-table-cell versions\\">
                            <div class=\\"ant-select ant-select-sm ant-select-borderless ant-select-single ant-select-show-arrow\\">
                              <div class=\\"ant-select-selector\\"><span class=\\"ant-select-selection-search\\"><input autocomplete=\\"off\\" type=\\"search\\" class=\\"ant-select-selection-search-input\\" style=\\"opacity: 0;\\" role=\\"combobox\\" aria-haspopup=\\"listbox\\" aria-owns=\\"rc_select_TEST_OR_SSR_list\\" aria-autocomplete=\\"list\\" aria-controls=\\"rc_select_TEST_OR_SSR_list\\" aria-activedescendant=\\"rc_select_TEST_OR_SSR_list_0\\" readonly=\\"\\" unselectable=\\"on\\" value=\\"\\" id=\\"rc_select_TEST_OR_SSR\\"></span><span class=\\"ant-select-selection-item\\">V1</span></div><span class=\\"ant-select-arrow\\" style=\\"user-select: none;\\" unselectable=\\"on\\" aria-hidden=\\"true\\"><span role=\\"img\\" aria-label=\\"down\\" class=\\"anticon anticon-down ant-select-suffix\\"><svg viewBox=\\"64 64 896 896\\" focusable=\\"false\\" data-icon=\\"down\\" width=\\"1em\\" height=\\"1em\\" fill=\\"currentColor\\" aria-hidden=\\"true\\"><path d=\\"M884 256h-75c-5.1 0-9.9 2.5-12.9 6.6L512 654.2 227.9 262.6c-3-4.1-7.8-6.6-12.9-6.6h-75c-6.5 0-10.3 7.4-6.5 12.7l352.6 486.1c12.8 17.6 39 17.6 51.7 0l352.6-486.1c3.9-5.3.1-12.7-6.4-12.7z\\"></path></svg></span></span>
                            </div>
                          </td>
                          <td class=\\"ant-table-cell\\"><span>建筑团队</span></td>
                          <td class=\\"ant-table-cell\\"><span>2020/12/17 10:24</span></td>
                          <td class=\\"ant-table-cell\\"><a href=\\"/model-viewer?versionIdList=398807&amp;format=workunit&amp;title=“undefined”模型查看\\">查看</a></td>
                        </tr>
                        <tr data-row-key=\\"56762d54-cea4-4adb-ae18-16aa2d22c270\\" class=\\"ant-table-row ant-table-row-level-0\\">
                          <td class=\\"ant-table-cell ant-table-selection-column\\"><label class=\\"ant-checkbox-wrapper\\"><span class=\\"ant-checkbox\\"><input type=\\"checkbox\\" class=\\"ant-checkbox-input\\" value=\\"\\"><span class=\\"ant-checkbox-inner\\"></span></span></label></td>
                          <td class=\\"ant-table-cell\\">建筑B1</td>
                          <td class=\\"ant-table-cell\\">workunit</td>
                          <td class=\\"ant-table-cell versions\\">
                            <div class=\\"ant-select ant-select-sm ant-select-borderless ant-select-single ant-select-show-arrow\\">
                              <div class=\\"ant-select-selector\\"><span class=\\"ant-select-selection-search\\"><input autocomplete=\\"off\\" type=\\"search\\" class=\\"ant-select-selection-search-input\\" style=\\"opacity: 0;\\" role=\\"combobox\\" aria-haspopup=\\"listbox\\" aria-owns=\\"rc_select_TEST_OR_SSR_list\\" aria-autocomplete=\\"list\\" aria-controls=\\"rc_select_TEST_OR_SSR_list\\" aria-activedescendant=\\"rc_select_TEST_OR_SSR_list_0\\" readonly=\\"\\" unselectable=\\"on\\" value=\\"\\" id=\\"rc_select_TEST_OR_SSR\\"></span><span class=\\"ant-select-selection-item\\">V2</span></div><span class=\\"ant-select-arrow\\" style=\\"user-select: none;\\" unselectable=\\"on\\" aria-hidden=\\"true\\"><span role=\\"img\\" aria-label=\\"down\\" class=\\"anticon anticon-down ant-select-suffix\\"><svg viewBox=\\"64 64 896 896\\" focusable=\\"false\\" data-icon=\\"down\\" width=\\"1em\\" height=\\"1em\\" fill=\\"currentColor\\" aria-hidden=\\"true\\"><path d=\\"M884 256h-75c-5.1 0-9.9 2.5-12.9 6.6L512 654.2 227.9 262.6c-3-4.1-7.8-6.6-12.9-6.6h-75c-6.5 0-10.3 7.4-6.5 12.7l352.6 486.1c12.8 17.6 39 17.6 51.7 0l352.6-486.1c3.9-5.3.1-12.7-6.4-12.7z\\"></path></svg></span></span>
                            </div>
                          </td>
                          <td class=\\"ant-table-cell\\"><span>建筑团队</span></td>
                          <td class=\\"ant-table-cell\\"><span>2020/12/17 10:28</span></td>
                          <td class=\\"ant-table-cell\\"><a href=\\"/model-viewer?versionIdList=398820&amp;format=workunit&amp;title=“undefined”模型查看\\">查看</a></td>
                        </tr>
                      </tbody>
                    </table>
                  </div>
                </div>
              </div>
            </div>
          </div>
        </div>
      </div>
      <div style=\\"position: absolute; height: 6px; transition: opacity 2000ms; opacity: 0; display: none; right: 2px; bottom: 2px; left: 2px; border-radius: 3px;\\">
        <div style=\\"position: relative; display: block; height: 100%; cursor: pointer; border-radius: inherit; background-color: rgba(0, 0, 0, 0.2);\\"></div>
      </div>
      <div style=\\"position: absolute; width: 6px; transition: opacity 2000ms; opacity: 0; display: none; right: 2px; bottom: 2px; top: 2px; border-radius: 3px;\\">
        <div style=\\"position: relative; display: block; width: 100%; cursor: pointer; border-radius: inherit; background-color: rgba(0, 0, 0, 0.2);\\"></div>
      </div>
    </div>
  </div>
</div>"
`;
