// Jest Snapshot v1, https://goo.gl/fbAQLP

exports[`test bimface viewer 1`] = `""`;
