// Jest Snapshot v1, https://goo.gl/fbAQLP

exports[`external user 1`] = `
"<div class=\\"ant-empty\\" style=\\"margin-top: 48px;\\">
  <div class=\\"ant-empty-image\\"><img alt=\\"empty\\" src=\\"/web/panel_blocked.svg\\"></div>
  <div class=\\"ant-empty-description\\">
    <div>暂不支持外部成员查看项目</div>
    <div style=\\"opacity: 0.21; font-size: 12px;\\">如需查看，请联系项目管理员修改权限</div>
  </div>
</div>"
`;

exports[`test open workunit 1`] = `
"<div class=\\"work-unit-tree  \\">
  <div class=\\"team-block \\">
    <div class=\\"team-name\\"><span role=\\"img\\" aria-label=\\"caret-down\\" tabindex=\\"-1\\" class=\\"anticon anticon-caret-down\\"><svg viewBox=\\"0 0 1024 1024\\" focusable=\\"false\\" data-icon=\\"caret-down\\" width=\\"1em\\" height=\\"1em\\" fill=\\"currentColor\\" aria-hidden=\\"true\\"><path d=\\"M840.4 300H183.6c-19.7 0-30.7 20.8-18.5 35l328.4 380.8c9.4 10.9 27.5 10.9 37 0L858.9 335c12.2-14.2 1.2-35-18.5-35z\\"></path></svg></span><span>GAP</span></div>
    <div class=\\"team-content\\">
      <div class=\\"node \\"><span class=\\"ant-typography ant-typography-ellipsis\\" style=\\"width: 120px; margin: 0px 0px -4px 0px; overflow: scroll;\\">ds001</span>
        <div class=\\"node-version\\">
          <div class=\\"ant-select ant-select-sm ant-select-single ant-select-show-arrow\\" style=\\"width: 70px;\\">
            <div class=\\"ant-select-selector\\"><span class=\\"ant-select-selection-search\\"><input autocomplete=\\"off\\" type=\\"search\\" class=\\"ant-select-selection-search-input\\" style=\\"opacity: 0;\\" role=\\"combobox\\" aria-haspopup=\\"listbox\\" aria-owns=\\"rc_select_TEST_OR_SSR_list\\" aria-autocomplete=\\"list\\" aria-controls=\\"rc_select_TEST_OR_SSR_list\\" aria-activedescendant=\\"rc_select_TEST_OR_SSR_list_0\\" readonly=\\"\\" unselectable=\\"on\\" value=\\"\\" id=\\"rc_select_TEST_OR_SSR\\"></span><span class=\\"ant-select-selection-item\\">V3</span></div><span class=\\"ant-select-arrow\\" style=\\"user-select: none;\\" unselectable=\\"on\\" aria-hidden=\\"true\\"><span role=\\"img\\" aria-label=\\"down\\" class=\\"anticon anticon-down ant-select-suffix\\"><svg viewBox=\\"64 64 896 896\\" focusable=\\"false\\" data-icon=\\"down\\" width=\\"1em\\" height=\\"1em\\" fill=\\"currentColor\\" aria-hidden=\\"true\\"><path d=\\"M884 256h-75c-5.1 0-9.9 2.5-12.9 6.6L512 654.2 227.9 262.6c-3-4.1-7.8-6.6-12.9-6.6h-75c-6.5 0-10.3 7.4-6.5 12.7l352.6 486.1c12.8 17.6 39 17.6 51.7 0l352.6-486.1c3.9-5.3.1-12.7-6.4-12.7z\\"></path></svg></span></span>
          </div>
        </div>
      </div>
    </div>
  </div>
</div>"
`;
